ok    low: the tier is applied  ({"tier":"low","budget":320000})
      ortho low    span  10  estimate   15581  actual   20028  budget  40000  props dropped for budget
      ortho low    span  20  estimate   39149  actual   36216  budget  40000  networks dropped for budget
      ortho low    span  40  estimate   19620  actual   20808  budget  40000  trees dropped for budget
      ortho low    span  80  estimate   19620  actual   20808  budget  40000  trees dropped for budget
ok    medium: the tier is applied  ({"tier":"medium","budget":40000})
      ortho medium span  10  estimate 69817.15999999995  actual   58739  budget 140000  full
      ortho medium span  20  estimate   42581  actual   45920  budget 140000  street detail not resolvable
      ortho medium span  40  estimate   86224  actual   87400  budget 140000  detail not resolvable
      ortho medium span  80  estimate   65660  actual   66848  budget 140000  silhouette only
ok    high: the tier is applied  ({"tier":"high","budget":140000})
      ortho high   span  10  estimate 69817.15999999995  actual   58739  budget 320000  full
      ortho high   span  20  estimate   42581  actual   45920  budget 320000  street detail not resolvable
      ortho high   span  40  estimate   86224  actual   87400  budget 320000  detail not resolvable
      ortho high   span  80  estimate   65660  actual   66848  budget 320000  silhouette only
ok    low: the tier is applied  ({"tier":"low","budget":320000})
      city  low    span  10  estimate   34234  actual   37842  budget  40000  markings dropped for budget
      city  low    span  20  estimate   11288  actual   13336  budget  40000  trees dropped for budget
      city  low    span  40  estimate   15524  actual   17432  budget  40000  trees dropped for budget
      city  low    span  80  estimate   19620  actual   21528  budget  40000  trees dropped for budget
ok    medium: the tier is applied  ({"tier":"medium","budget":40000})
      city  medium span  10  estimate 92420.56000000003  actual   78636  budget 140000  full
      city  medium span  20  estimate   61335  actual   63586  budget 140000  street detail not resolvable
      city  medium span  40  estimate   70088  actual   72392  budget 140000  detail not resolvable
      city  medium span  80  estimate   51860  actual   53768  budget 140000  silhouette only
ok    high: the tier is applied  ({"tier":"high","budget":140000})
      city  high   span  10  estimate 76764.56000000003  actual   71242  budget 320000  full
      city  high   span  20  estimate   61335  actual   63586  budget 320000  street detail not resolvable
      city  high   span  40  estimate   70088  actual   72392  budget 320000  detail not resolvable
      city  high   span  80  estimate   51860  actual   53768  budget 320000  silhouette only
ok    ortho low span 10: the frame is inside its budget  (20028 of 40000, ladder at "props dropped for budget")
ok    ortho low span 20: the frame is inside its budget  (36216 of 40000, ladder at "networks dropped for budget")
ok    ortho low span 40: the frame is inside its budget  (20808 of 40000, ladder at "trees dropped for budget")
ok    ortho low span 80: the frame is inside its budget  (20808 of 40000, ladder at "trees dropped for budget")
ok    ortho medium span 10: the frame is inside its budget  (58739 of 140000, ladder at "full")
ok    ortho medium span 20: the frame is inside its budget  (45920 of 140000, ladder at "street detail not resolvable")
ok    ortho medium span 40: the frame is inside its budget  (87400 of 140000, ladder at "detail not resolvable")
ok    ortho medium span 80: the frame is inside its budget  (66848 of 140000, ladder at "silhouette only")
ok    ortho high span 10: the frame is inside its budget  (58739 of 320000, ladder at "full")
ok    ortho high span 20: the frame is inside its budget  (45920 of 320000, ladder at "street detail not resolvable")
ok    ortho high span 40: the frame is inside its budget  (87400 of 320000, ladder at "detail not resolvable")
ok    ortho high span 80: the frame is inside its budget  (66848 of 320000, ladder at "silhouette only")
ok    city low span 10: the frame is inside its budget  (37842 of 40000, ladder at "markings dropped for budget")
ok    city low span 20: the frame is inside its budget  (13336 of 40000, ladder at "trees dropped for budget")
ok    city low span 40: the frame is inside its budget  (17432 of 40000, ladder at "trees dropped for budget")
ok    city low span 80: the frame is inside its budget  (21528 of 40000, ladder at "trees dropped for budget")
ok    city medium span 10: the frame is inside its budget  (78636 of 140000, ladder at "full")
ok    city medium span 20: the frame is inside its budget  (63586 of 140000, ladder at "street detail not resolvable")
ok    city medium span 40: the frame is inside its budget  (72392 of 140000, ladder at "detail not resolvable")
ok    city medium span 80: the frame is inside its budget  (53768 of 140000, ladder at "silhouette only")
ok    city high span 10: the frame is inside its budget  (71242 of 320000, ladder at "full")
ok    city high span 20: the frame is inside its budget  (63586 of 320000, ladder at "street detail not resolvable")
ok    city high span 40: the frame is inside its budget  (72392 of 320000, ladder at "detail not resolvable")
ok    city high span 80: the frame is inside its budget  (53768 of 320000, ladder at "silhouette only")
ok    ortho low span 10: the estimate is worth planning with  (estimate 15581 against 20028 actual — 22% out)
ok    ortho low span 20: the estimate is worth planning with  (estimate 39149 against 36216 actual — 8% out)
ok    ortho low span 40: the estimate is worth planning with  (estimate 19620 against 20808 actual — 6% out)
ok    ortho low span 80: the estimate is worth planning with  (estimate 19620 against 20808 actual — 6% out)
ok    ortho medium span 10: the estimate is worth planning with  (estimate 69817.15999999995 against 58739 actual — 19% out)
ok    ortho medium span 20: the estimate is worth planning with  (estimate 42581 against 45920 actual — 7% out)
ok    ortho medium span 40: the estimate is worth planning with  (estimate 86224 against 87400 actual — 1% out)
ok    ortho medium span 80: the estimate is worth planning with  (estimate 65660 against 66848 actual — 2% out)
ok    ortho high span 10: the estimate is worth planning with  (estimate 69817.15999999995 against 58739 actual — 19% out)
ok    ortho high span 20: the estimate is worth planning with  (estimate 42581 against 45920 actual — 7% out)
ok    ortho high span 40: the estimate is worth planning with  (estimate 86224 against 87400 actual — 1% out)
ok    ortho high span 80: the estimate is worth planning with  (estimate 65660 against 66848 actual — 2% out)
ok    city low span 10: the estimate is worth planning with  (estimate 34234 against 37842 actual — 10% out)
ok    city low span 20: the estimate is worth planning with  (estimate 11288 against 13336 actual — 15% out)
ok    city low span 40: the estimate is worth planning with  (estimate 15524 against 17432 actual — 11% out)
ok    city low span 80: the estimate is worth planning with  (estimate 19620 against 21528 actual — 9% out)
ok    city medium span 10: the estimate is worth planning with  (estimate 92420.56000000003 against 78636 actual — 18% out)
ok    city medium span 20: the estimate is worth planning with  (estimate 61335 against 63586 actual — 4% out)
ok    city medium span 40: the estimate is worth planning with  (estimate 70088 against 72392 actual — 3% out)
ok    city medium span 80: the estimate is worth planning with  (estimate 51860 against 53768 actual — 4% out)
ok    city high span 10: the estimate is worth planning with  (estimate 76764.56000000003 against 71242 actual — 8% out)
ok    city high span 20: the estimate is worth planning with  (estimate 61335 against 63586 actual — 4% out)
ok    city high span 40: the estimate is worth planning with  (estimate 70088 against 72392 actual — 3% out)
ok    city high span 80: the estimate is worth planning with  (estimate 51860 against 53768 actual — 4% out)
ok    low at the opening span: inside its budget  (21528 of 40000 at span 67, ladder at "trees dropped for budget")
ok    medium at the opening span: inside its budget  (59488 of 140000 at span 67, ladder at "silhouette only")
ok    high at the opening span: inside its budget  (59488 of 320000 at span 67, ladder at "silhouette only")
      overlay on: 72392 triangles against 72392 off (+0), 40 draws, estimate 70088
ok    an overlay adds no ground geometry  (0 triangles more with the wash on)
ok    an overlay stays inside the budget  (72392 of 320000)
ok    the estimate still knows what the frame costs with an overlay on  (estimate 70088 against 72392 actual)
      territory toggle: 8 chunks rebaked on, 0 while it stayed on, 8 coming back off
ok    turning the territory overlay on rebakes the streets  (8 rebakes for 8 live chunks)
ok    and it settles again rather than rebaking every frame  (0 rebakes with nothing changing)
ok    and turning it off rebakes them back  (8 rebakes for 8 live chunks)
      street chunks: 8 live, 8 groups / 16 meshes, 269940 triangles, build p95 5 ms over 8 builds
ok    street chunks are baked at all  ({"builds":[5,5,5,5,4,5,4,5],"live":8,"triangles":269940,"rebuilt":0,"groups":8,"meshes":16,"onToggle":8,"settled":0,"offToggle":8})
ok    a chunk bakes inside its frame budget  (p95 5 ms over 8 builds)
ok    a baked chunk is one draw call per material  (16 meshes over 8 groups)
ok    the cache caches: an unchanged city rebuilds nothing  (0 rebuild(s) over six frames)
      cars: 15 in the pools, 6 moving in the city, ladder at "street detail not resolvable"
ok    cars are moving at a street zoom  ({"inPools":15,"hidden":0,"inCity":6,"counted":31646,"lod":"street detail not resolvable"})
ok    and they are drawn  ({"inPools":15,"hidden":0,"inCity":6,"counted":31646,"lod":"street detail not resolvable"})
ok    no pool is hidden after the cars went into it (R1.2)  (0 pool(s) hidden with cars in them)
      people: 120 on the city, 120 on screen of a cap of 120, 42 triangles each = 5040 of 320000
      nav graph: {"nodes":3200,"edges":4721,"walks":1600,"crossings":1600,"corners":1521,"doors":1084}
ok    there are people on the pavement at street zoom  (120 people, ladder at "silhouettes only for budget")
ok    the cap is a cap  (120 of 120)
ok    a person is cheap enough to be the last thing sacrificed  (42 triangles a person)
ok    the crowd fits in what the night frame leaves  (120 people at 42 triangles is 5040 against 53,462 spare)
ok    the frame with a crowd in it is still inside its budget  (289446 of 320000)
      night: 8 of 832 lamps lit, 289446 triangles of 320000, 53 draw calls, ladder at "silhouettes only for budget"
ok    night arrives  (night is 1)
ok    the street has lamps to light  (832 lamps in the cache)
ok    the lamp pool fills to the tier's cap  (8 lit against a cap of 8)
ok    a night frame is inside the same budget as a day one  (289446 of 320000)
      painted: 32768 triangles of 320000, 20 draw calls, ladder at "detail not resolvable"
ok    the painted style loads  (the page is in "painted")
ok    the painted finish is inside its budget  (32768 of 320000)
ok    and the budget is measuring the CITY, not the full-screen quad  (32768 counted, 2 in three's counter after the pass)
ok    no page errors

budget gate ok
exit 0
