ok    desktop: a dragged road appears  (13 tiles paved)
ok    desktop: the road has no holes in it  (paved 20..32 with gaps)
ok    desktop: the road spans the drag  (only 13 of ~13 tiles)
ok    desktop: undo removes the whole drag, not one tile  (0 tiles left)
ok    desktop: a dragged rectangle zones an area  (21 tiles zoned)
ok    desktop: the camera rotates  (yaw stayed at 1)
ok    desktop: dragging with no tool pans the camera  (moved 4.67 tiles from (32, 32))
ok    desktop: a click on a slope picks the tile it landed on  (aimed at 8,54 on a 3.3 m drop, got {"x":8,"y":54})
ok    desktop: the ghost stands on the ground  (ghost at 1.9890625, ground at 1.839)
ok    desktop: right drag turns the camera, with a tool in hand  (yaw 1.5707963267948966 -> 1.0107963267948943)
ok    desktop: right drag tilts the camera  (pitch 0.6154797086703873 -> 0.8026797086703871)
ok    desktop: the mouse is not snapped to the four angles  (yaw is exactly 0.643492927474153 quarter turns)
ok    desktop: right drag does not build  (13 tiles paved before the drag, 13 after)
ok    desktop: right drag does not pan  (the camera target moved as well as turning)
ok    desktop: a key press snaps back onto the four angles  (yaw is 0 quarter turns)
ok    desktop: middle drag pans  (moved 6.41 tiles)
ok    desktop: the overlay button selects an overlay  (the HUD says "pollution")
ok    desktop: turning an overlay on changes the picture  (6042 of 7540 sampled pixels moved with "pollution" on)
ok    desktop: and turning it off puts the picture back  (0 of 7540 pixels kept the wash after it was switched off)
ok    desktop: the street gate has a street to stand in  (61 tiles paved)
ok    desktop: F drops the camera into the street  (the camera is in "street" mode)
ok    desktop: the eye is on the ground, not on the orbit  (eye {"x":32.5,"y":1.9278315862063244,"z":32.7625} against pose {"x":650,"y":38.55663172412649,"z":655.25,"yaw":-1.5707963267948966,"pitch":0})
ok    desktop: the build tools are gone in the street  (the toolbar is display:none)
ok    desktop: W walks  (moved 0.76 m in 0.4 s)
ok    desktop: Escape comes back to the city  (still "ortho")
ok    desktop: and to the projection it came from  (entered from "ortho" and came back to "ortho")
ok    desktop: zooming past the minimum span drops into the street  (span 8, pitch 0.3 left the camera in "street")
ok    desktop: zooming out comes back  (still "city")
ok    desktop perspective: a dragged road appears  (13 tiles paved)
ok    desktop perspective: the road has no holes in it  (paved 20..32 with gaps)
ok    desktop perspective: the road spans the drag  (only 13 of ~13 tiles)
ok    desktop perspective: undo removes the whole drag, not one tile  (0 tiles left)
ok    desktop perspective: a dragged rectangle zones an area  (21 tiles zoned)
ok    desktop perspective: the camera rotates  (yaw stayed at 1)
ok    desktop perspective: dragging with no tool pans the camera  (moved 4.76 tiles from (32, 32))
ok    desktop perspective: a click on a slope picks the tile it landed on  (aimed at 8,54 on a 3.3 m drop, got {"x":8,"y":54})
ok    desktop perspective: the ghost stands on the ground  (ghost at 1.9890625, ground at 1.839)
ok    desktop perspective: right drag turns the camera, with a tool in hand  (yaw 1.5707963267948966 -> 1.0107963267948943)
ok    desktop perspective: right drag tilts the camera  (pitch 0.6154797086703873 -> 0.8026797086703871)
ok    desktop perspective: the mouse is not snapped to the four angles  (yaw is exactly 0.643492927474153 quarter turns)
ok    desktop perspective: right drag does not build  (13 tiles paved before the drag, 13 after)
ok    desktop perspective: right drag does not pan  (the camera target moved as well as turning)
ok    desktop perspective: a key press snaps back onto the four angles  (yaw is 0 quarter turns)
ok    desktop perspective: middle drag pans  (moved 6.41 tiles)
ok    desktop perspective: the overlay button selects an overlay  (the HUD says "pollution")
ok    desktop perspective: turning an overlay on changes the picture  (5649 of 7540 sampled pixels moved with "pollution" on)
ok    desktop perspective: and turning it off puts the picture back  (0 of 7540 pixels kept the wash after it was switched off)
ok    desktop perspective: the street gate has a street to stand in  (61 tiles paved)
ok    desktop perspective: F drops the camera into the street  (the camera is in "street" mode)
ok    desktop perspective: the eye is on the ground, not on the orbit  (eye {"x":37.5,"y":1.8250143393826086,"z":32.7625} against pose {"x":750,"y":36.50028678765217,"z":655.25,"yaw":-1.5707963267948966,"pitch":0})
ok    desktop perspective: the build tools are gone in the street  (the toolbar is display:none)
ok    desktop perspective: W walks  (moved 0.71 m in 0.4 s)
ok    desktop perspective: Escape comes back to the city  (still "city")
ok    desktop perspective: and to the projection it came from  (entered from "city" and came back to "city")
ok    desktop perspective: zooming past the minimum span drops into the street  (span 8, pitch 0.3 left the camera in "street")
ok    desktop perspective: zooming out comes back  (still "city")
ok    phone: a dragged road appears  (13 tiles paved)
ok    phone: the road has no holes in it  (paved 20..32 with gaps)
ok    phone: the road spans the drag  (only 13 of ~13 tiles)
ok    phone: undo removes the whole drag, not one tile  (0 tiles left)
ok    phone: a dragged rectangle zones an area  (21 tiles zoned)
ok    phone: the camera rotates  (yaw stayed at 1)
ok    phone: dragging with no tool pans the camera  (moved 3.98 tiles from (32, 32))
ok    phone: the overlay button selects an overlay  (the HUD says "pollution")
ok    phone: turning an overlay on changes the picture  (1141 of 2695 sampled pixels moved with "pollution" on)
ok    phone: and turning it off puts the picture back  (0 of 2695 pixels kept the wash after it was switched off)
ok    phone: the street gate has a street to stand in  (61 tiles paved)
ok    phone: F drops the camera into the street  (the camera is in "street" mode)
ok    phone: the eye is on the ground, not on the orbit  (eye {"x":30.5,"y":1.974644382940711,"z":32.2375} against pose {"x":610,"y":39.49288765881422,"z":644.75,"yaw":-1.5707963267948966,"pitch":0})
ok    phone: the build tools are gone in the street  (the toolbar is display:none)
ok    phone: W walks  (moved 0.73 m in 0.4 s)
ok    phone: Escape comes back to the city  (still "ortho")
ok    phone: and to the projection it came from  (entered from "ortho" and came back to "ortho")
ok    phone: zooming past the minimum span drops into the street  (span 8, pitch 0.3 left the camera in "street")
ok    phone: zooming out comes back  (still "city")
ok    phone perspective: a dragged road appears  (13 tiles paved)
ok    phone perspective: the road has no holes in it  (paved 20..32 with gaps)
ok    phone perspective: the road spans the drag  (only 13 of ~13 tiles)
ok    phone perspective: undo removes the whole drag, not one tile  (0 tiles left)
ok    phone perspective: a dragged rectangle zones an area  (21 tiles zoned)
ok    phone perspective: the camera rotates  (yaw stayed at 1)
ok    phone perspective: dragging with no tool pans the camera  (moved 8.66 tiles from (32, 32))
ok    phone perspective: the overlay button selects an overlay  (the HUD says "pollution")
ok    phone perspective: turning an overlay on changes the picture  (1162 of 2695 sampled pixels moved with "pollution" on)
ok    phone perspective: and turning it off puts the picture back  (0 of 2695 pixels kept the wash after it was switched off)
ok    phone perspective: the street gate has a street to stand in  (61 tiles paved)
ok    phone perspective: F drops the camera into the street  (the camera is in "street" mode)
ok    phone perspective: the eye is on the ground, not on the orbit  (eye {"x":30.5,"y":1.974644382940711,"z":32.2375} against pose {"x":610,"y":39.49288765881422,"z":644.75,"yaw":-1.5707963267948966,"pitch":0})
ok    phone perspective: the build tools are gone in the street  (the toolbar is display:none)
ok    phone perspective: W walks  (moved 0.70 m in 0.4 s)
ok    phone perspective: Escape comes back to the city  (still "city")
ok    phone perspective: and to the projection it came from  (entered from "city" and came back to "city")
ok    phone perspective: zooming past the minimum span drops into the street  (span 8, pitch 0.3 left the camera in "street")
ok    phone perspective: zooming out comes back  (still "city")
ok    the city grows where it was zoned  (2 → 4 buildings, pop 16, {"road":"ok","zone":"ok","plant":"ok","pump":"ok","wire":"ok","pipe":"ok"})

play smoke ok
exit 0
ALLDONE
