ok    every toolbar exposes exactly one tab stop  (Panels: 1 of 6, Overlays: 1 of 12, Saves: 1 of 5, Tools: 1 of 11, Build: 1 of 12)
ok    the arrows move along a toolbar, and Home and End jump  (wire → pipe → wire → BUTTON → inspect)
ok    the arrows wrap rather than dead-ending  (11 buttons, last → inspect, first is inspect)
ok    the toolbar remembers where you were  (inspect)
ok    every frequent tool has a shortcut that selects it  (0 1 2 3 r w p b)
ok    the arrows pan the map when the map has focus  ((32.0, 32.0) → (35.5, 35.5))
ok    the arrows do NOT pan the map from inside a toolbar  (35.50 → 35.50)
ok    the map is focusable and labelled  ({"tabIndex":0,"label":"City map — arrow keys pan, Q and E rotate, plus and minus zoom","role":"application"})
ok    a keyboard-only player can select a tool without touching a pointer  (0 roads before, tool is road)
ok    the mixer stays silent until the player has interacted  (running before a gesture: false)
ok    the mixer runs after a gesture  ({"running":true,"voices":0})
ok    muting reaches the mixer  (play() returned false)
ok    high contrast actually changes the interface's colours  (color(srgb 0.956863 0.945098 0.917647 / 0.88)|rgb(35, 32, 28)|rgb(244, 241, 234)|color(srgb 0.137255 0.12549 0.109804 / 0.25) -> color(srgb 0 0 0 / 0.88)|rgb(255, 255, 255)|rgb(0, 0, 0)|rgb(255, 255, 255))
ok    each skin actually repaints the interface  ({"clean":"color(srgb 0.956863 0.945098 0.917647 / 0.88)|rgb(35, 32, 28)|rgb(244, 241, 234)|color(srgb 0.137255 0.12549 0.109804 / 0.25)","dark":"color(srgb 0.054902 0.0666667 0.0862745 / 0.88)|rgb(53, 214, 196)|rgb(6, 19, 26)|rgb(53, 214, 196)","retro":"rgb(210, 214, 220)|rgb(22, 24, 29)|rgb(184, 188, 196)|rgb(210, 214, 220)"})
      overlay bands: nearest pair 122 apart by day, 41 at night (of 441)
ok    the overlay bands are told apart by day  (nearest pair 122 apart)
ok    and still at night  (nearest pair 41 apart)
      band 0 to 1 on a hillside: 102 apart at the median, 37 in the darkest twentieth (1935 washed pixels)
      band 1 to 2 on a hillside: 77 apart at the median, 31 in the darkest twentieth (1852 washed pixels)
ok    the wash reaches the ground at all  (1935, 1852)
ok    adjacent bands are told apart on a shaded hillside  (37, 31)
ok    the reduced-motion check has a baseline to compare against  (4 cars on a page with no preference set)
ok    reduced motion is picked up  (data-motion is "reduced")
ok    and nothing on it moves  (the cars moved over thirty frames (6 of them, 4 on a page without the preference))
ok    and refuses a cycling sun  (the hour is "day")
ok    opening settings moves focus into the dialog
ok    Escape closes the settings dialog
ok    a shortcut does not reach the map through an open dialog  (undefined → undefined)
ok    200% text · the game · desktop: no sideways scroll
ok    200% text · the game · desktop: no text is clipped
ok    200% text · desktop: the minimap is still on screen  (424..633 of 900)
ok    200% text · desktop: the statistics screen fits and scrolls  ({"insideViewport":true,"scrollable":true,"reachable":true,"clipped":[]})
ok    200% text · desktop: no statistic is clipped
ok    200% text · the game · phone: no sideways scroll
ok    200% text · the game · phone: no text is clipped
ok    200% text · phone: the minimap is still on screen  (0..0 of 844 (hidden on phone))
ok    200% text · phone: the statistics screen fits and scrolls  ({"insideViewport":true,"scrollable":true,"reachable":true,"clipped":[]})
ok    200% text · phone: no statistic is clipped
ok    200% text · the new-game screen · desktop: no sideways scroll
ok    200% text · the new-game screen · desktop: no text is clipped
ok    200% text · the new-game screen · phone: no sideways scroll
ok    200% text · the new-game screen · phone: no text is clipped
ok    no page errors

accessibility smoke ok
exit 0
